sm7675_default_sensors.json
sm7675_dynamic_sensors.json
sns_gyro_cal_dynamic.json
chre_dynamic_sensors.json
sm7675_lsm6dso_0.json
lsm6dso_0.json
sm7675_qmi8658_0.json
sm7675_qmc6308_0.json
qmc6308_0.json
sm7675_stk3bcx_0.json
stk3bcx_0.json
sm7675_sx937x_0.json
sx937x_0.json
sx937x_reg_0.json
sm7675_sip1328.json
sip1328.json
ak7323.json
sm7675_ak7323.json
sns_oem_hall.json
sns_ccd_v1_0_amd.json
sns_ccd_v1_0_ttw.json
sns_ccd_v2_0_walk.json
sns_ccd_v3_0_walk.json
sns_ccd_v3_1_walk.json
sns_ccd_v4_0_sensors.json
sns_ccd_v4_0_te_cd_regs.json
sns_ccd_v5.json
sns_ccd_v5_0_te_cd_regs.json
sns_ccd_v5_1_te_cd_regs.json
sns_cm.json
sns_dae.json
sns_device_orient.json
sns_diag_filter.json
sns_direct_channel.json
sns_distance_bound.json
sns_dpc.json
sns_facing.json
sns_fmv.json
sns_fmv_legacy.json
sns_geomag_rv.json
sns_gyro_cal.json
sns_mag_cal.json
sns_mag_cal_legacy.json
sns_offbody_detect_phone.json
sns_pedometer.json
sns_rmd.json
sns_rotv.json
sns_sar_algo.json
sns_smd.json
sns_tilt.json
sns_tilt_sw_disabled.json
sns_tilt_sw_enabled.json
sns_tilt_to_wake.json
qsh_ble.json
lanai_qsh_ble_0.json
sm7675_irq.json
sm7675_power_0.json
sns_amd.json
sns_amd_sw_disabled.json
sns_amd_sw_enabled.json
sns_pointing_light_source.json
sns_screen_down.json
sns_collision_detection.json
chre_dynamic_sensors.json
